// Jest Snapshot v1, https://goo.gl/fbAQLP

exports[`Launch Card should render correctly should render correctly in "debug" mode 1`] = `ShallowWrapper {}`;
