// Jest Snapshot v1, https://goo.gl/fbAQLP

exports[`Launch List should render correctly with redux store should render correctly with redux store in "debug" mode 1`] = `ReactWrapper {}`;
